2026-05-30T14:18:19.325726 Тест
2026-05-30T14:18:27.079943 Тест
2026-05-30T14:24:48.404312 Подключен к серверу как T1
2026-05-30T14:24:55.092526 MSG|T1|1780133095084|Hi
2026-05-30T14:25:03.494398 Подключен к серверу как T2
2026-05-30T14:25:06.572271 MSG|T2|1780133106563|Hi
2026-05-30T14:25:06.574532 MSG|T2|1780133106563|Hi
2026-05-30T14:25:09.345125 MSG|T2|1780133109343|Test2
2026-05-30T14:25:09.34738 MSG|T2|1780133109343|Test2
2026-05-30T14:25:24.960187 MSG|T1|1780133124959|
2026-05-30T14:26:57.075717 Подключен к серверу как T11
2026-05-30T14:26:59.898836 MSG|T11|1780133219890|test
2026-05-30T14:27:14.842235 Подключен к серверу как T22
2026-05-30T14:27:18.423307 MSG|T22|1780133238414|Testttt
2026-05-30T14:27:18.425593 MSG|T22|1780133238414|Testttt
2026-05-30T14:27:26.308731 MSG|T11|1780133246305|tetetet
2026-05-30T14:27:26.310316 MSG|T11|1780133246305|tetetet
2026-05-30T14:27:30.901909 MSG|T22|1780133250900|jhkjfk
2026-05-30T14:27:30.904298 MSG|T22|1780133250900|jhkjfk
2026-05-30T14:31:19.281492 Тест
2026-05-30T14:31:55.645057 Подключен к серверу как Е456
2026-05-30T14:31:59.416782 Подключен к серверу как ш768
2026-05-30T14:32:01.807935 MSG|ш768|1780133521800|пппп
2026-05-30T14:32:01.810611 MSG|ш768|1780133521800|пппп
2026-05-30T14:32:04.309702 MSG|Е456|1780133524300|лллл
2026-05-30T14:32:04.31113 MSG|Е456|1780133524300|лллл
2026-05-30T14:32:05.691033 MSG|Е456|1780133525687|лоил
2026-05-30T14:32:05.691794 MSG|Е456|1780133525687|лоил
2026-05-30T14:32:08.296211 MSG|ш768|1780133528294|лотдло
2026-05-30T14:32:08.297048 MSG|ш768|1780133528294|лотдло
2026-05-30T14:32:34.183377 Подключен к серверу как рр
2026-05-30T14:32:37.48642 MSG|рр|1780133557479|/учше
