2026-05-30T14:16:22.143758 Тест
2026-05-30T14:18:32.93223 Тест
2026-05-30T14:22:03.947907 Сервер запущен на порту 8080
2026-05-30T14:24:48.394438 T1 подключился
2026-05-30T14:24:55.092827 MSG|T1|1780133095084|Hi
2026-05-30T14:25:03.483505 T2 подключился
2026-05-30T14:25:06.573437 MSG|T2|1780133106563|Hi
2026-05-30T14:25:09.345677 MSG|T2|1780133109343|Test2
2026-05-30T14:25:12.697669 T2 отключился
2026-05-30T14:25:17.942018 T1 отключился
2026-05-30T14:25:17.942584 T1 отключился
2026-05-30T14:26:42.054831 Сервер запущен на порту 8080
2026-05-30T14:26:57.065517 T11 подключился
2026-05-30T14:26:59.899266 MSG|T11|1780133219890|test
2026-05-30T14:27:14.831821 T22 подключился
2026-05-30T14:27:18.424333 MSG|T22|1780133238414|Testttt
2026-05-30T14:27:26.308999 MSG|T11|1780133246305|tetetet
2026-05-30T14:27:30.902467 MSG|T22|1780133250900|jhkjfk
2026-05-30T14:27:36.717125 T11 отключился
2026-05-30T14:27:36.717834 T11 отключился
2026-05-30T14:27:36.718673 T22 отключился
2026-05-30T14:27:36.718954 T22 отключился
2026-05-30T14:31:23.679043 Тест
2026-05-30T14:31:44.0969 Сервер запущен на порту 8080
2026-05-30T14:31:55.635387 Е456 подключился
2026-05-30T14:31:59.405994 ш768 подключился
2026-05-30T14:32:01.809279 MSG|ш768|1780133521800|пппп
2026-05-30T14:32:04.309919 MSG|Е456|1780133524300|лллл
2026-05-30T14:32:05.691448 MSG|Е456|1780133525687|лоил
2026-05-30T14:32:08.296449 MSG|ш768|1780133528294|лотдло
2026-05-30T14:32:14.838088 Е456 отключился
2026-05-30T14:32:14.838812 Е456 отключился
2026-05-30T14:32:14.839841 ш768 отключился
2026-05-30T14:32:14.840163 ш768 отключился
2026-05-30T14:32:27.769049 Сервер запущен на порту 8080
2026-05-30T14:32:34.173333 рр подключился
2026-05-30T14:32:37.486796 MSG|рр|1780133557479|/учше
2026-05-30T14:32:41.970439 рр отключился
